// Jest Snapshot v1, https://goo.gl/fbAQLP

exports[`Testing <GifItem /> Debe hacer match con el snapshot. 1`] = `
<div>
  <div
    class="card"
  >
    <h4
      class="card__title"
    >
      Hola prueba
    </h4>
    <img
      alt="Hola prueba"
      class="card__img"
      src="http://urldepruebas.cl/"
    />
  </div>
</div>
`;
